Router(config)#interface FastEthernet 0/0
Router(config-if)#ip add
Router(config-if)#ip address 192.168.1.1
% Incomplete command.
Router(config-if)#ip address 192.168.1.1 255.255.255.0
Router(config-if)#
Router(config-if)#no shu
Router(config-if)#no shutdown 
Router(config-if)#exit
Router(config)#interface FastEthernet 0/1
Router(config-if)#ip address 192.168.2.1 255.255.255.0
Router(config-if)#ip route 192.168.2.0 255.255.255.0 192.168.1.0
